﻿
> contracam@0.0.0 build
> vite build

[36mvite v6.4.1 [32mbuilding for production...[36m[39m
transforming...
[32mΓ£ô[39m 2513 modules transformed.
node.exe : [31mΓ£ù[39m Build 
failed in 4.05s
At line:1 char:1
+ & "C:\nvm4w\nodejs/node.exe" "
C:\nvm4w\nodejs/node_modules/npm
/bin/np ...
+ ~~~~~~~~~~~~~~~~~~~~~~~~~~~~~~
~~~~~~~~~~~~~~~~~~~~~~~~~~~~~~~~
~~~~~~~
    + CategoryInfo          : N 
   otSpecified: ([31mΓ£ù[39m  
   Build failed in 4.05s:Stri   
 ng) [], RemoteException
    + FullyQualifiedErrorId : N 
   ativeCommandError
 
[31merror during build:
[31msrc/pages/TermsAndCondition
s.jsx (11:2): "Scales" is not 
exported by "node_modules/lucide
-react/dist/esm/lucide-react.js"
, imported by "src/pages/TermsAn
dConditions.jsx".[31m
file: [36mC:/PROJECTS/DesignThi
nking/clausewise/src/pages/Terms
AndConditions.jsx:11:2[31m
[33m
 9:   ArrowLeft,
10:   ChevronRight,
11:   Scales,
      ^
12:   FileSearch
13: } from 'lucide-react';
[31m
    at getRollupError (file:///C
:/PROJECTS/DesignThinking/clause
wise/node_modules/rollup/dist/es
/shared/parseAst.js:406:41)
    at error (file:///C:/PROJECT
S/DesignThinking/clausewise/node
_modules/rollup/dist/es/shared/p
arseAst.js:402:42)
    at Module.error (file:///C:/
PROJECTS/DesignThinking/clausewi
se/node_modules/rollup/dist/es/s
hared/node-entry.js:17380:16)
    at Module.traceVariable (fil
e:///C:/PROJECTS/DesignThinking/
clausewise/node_modules/rollup/d
ist/es/shared/node-entry.js:1781
3:29)
    at ModuleScope.findVariable 
(file:///C:/PROJECTS/DesignThink
ing/clausewise/node_modules/roll
up/dist/es/shared/node-entry.js:
15403:39)
    at 
ReturnValueScope.findVariable (f
ile:///C:/PROJECTS/DesignThinkin
g/clausewise/node_modules/rollup
/dist/es/shared/node-entry.js:56
76:38)
    at 
FunctionBodyScope.findVariable (
file:///C:/PROJECTS/DesignThinki
ng/clausewise/node_modules/rollu
p/dist/es/shared/node-entry.js:5
676:38)
    at Identifier.bind (file:///
C:/PROJECTS/DesignThinking/claus
ewise/node_modules/rollup/dist/e
s/shared/node-entry.js:5450:40)
    at Property.bind (file:///C:
/PROJECTS/DesignThinking/clausew
ise/node_modules/rollup/dist/es/
shared/node-entry.js:2832:23)
    at ObjectExpression.bind (fi
le:///C:/PROJECTS/DesignThinking
/clausewise/node_modules/rollup/
dist/es/shared/node-entry.js:282
8:28)[39m
